main.c:71:6:HAL_UART_RxCpltCallback	16	static
main.c:91:6:SCH_Go_To_Sleep	8	static
main.c:96:6:LedToggle	8	static
main.c:99:8:command_parser_fsm_func	8	static
main.c:105:8:uart_func	8	static
main.c:114:5:main	8	static
main.c:175:6:SystemClock_Config	88	static
main.c:218:13:MX_ADC1_Init	24	static
main.c:263:13:MX_TIM2_Init	32	static
main.c:308:13:MX_USART2_UART_Init	8	static
main.c:341:13:MX_GPIO_Init	32	static
main.c:361:6:HAL_TIM_PeriodElapsedCallback	16	static
main.c:373:6:Error_Handler	4	static,ignoring_inline_asm
